I'm sorry, but errors were detected in your script. Please correct the
errors listed below, and try again.


File "game/script.rpy", line 1108: the zoom keyword argument was not given a value.
    add number_images[i - 5] zoom. 0.1 
                                 ^

Ren'Py Version: Ren'Py 8.3.7.25031702
Tue Apr 29 16:47:56 2025
